should work:
  1: |
    apiVersion: v1
    data:
      LLDAP_JWT_SECRET: cmVwbGFjZQ==
      LLDAP_KEY_SEED: cmVwbGFjZQ==
      LLDAP_LDAP_USER_PASS: cmVwbGFjZQ==
      NEXTAUTH_SECRET: cmVwbGFjZQ==
    kind: Secret
    metadata:
      labels:
        app.kubernetes.io/instance: RELEASE-NAME
        app.kubernetes.io/managed-by: Helm
        app.kubernetes.io/name: lldap
        app.kubernetes.io/version: 0.4.0
        helm.sh/chart: lldap-0.4.0
      name: lldap-secret
    type: Opaque
